// Vitest Snapshot v1

exports[`mount hello world component 1`] = `
"<div class=\\"hw-container\\" data-v-469af010=\\"\\">
  <div class=\\"mb-10 text-6xl font-black italic text-transparent bg-clip-text bg-gradient-to-r from-green-400 to-blue-500 hover:from-pink-500 hover:to-yellow-500\\" data-v-469af010=\\"\\">test-modern-vue-starter</div>
  <p data-v-469af010=\\"\\"><span data-v-469af010=\\"\\">current count: </span><span class=\\"underline decoration-sky-500\\" data-v-469af010=\\"\\">0</span></p><button class=\\"btn\\" data-v-469af010=\\"\\">Click Me</button>
</div>"
`;
